Archive member included to satisfy reference by file (symbol)

/opt/st/stm32cubeide_1.12.1/plugins/com.st.stm32cube.ide.mcu.externaltools.gnu-tools-for-stm32.10.3-2021.10.linux64_1.0.200.202301161003/tools/bin/../lib/gcc/arm-none-eabi/10.3.1/../../../../arm-none-eabi/lib/thumb/v6-m/nofp/libc_nano.a(lib_a-errno.o)
                              ./Core/Src/syscalls.o (__errno)
/opt/st/stm32cubeide_1.12.1/plugins/com.st.stm32cube.ide.mcu.externaltools.gnu-tools-for-stm32.10.3-2021.10.linux64_1.0.200.202301161003/tools/bin/../lib/gcc/arm-none-eabi/10.3.1/../../../../arm-none-eabi/lib/thumb/v6-m/nofp/libc_nano.a(lib_a-exit.o)
                              /opt/st/stm32cubeide_1.12.1/plugins/com.st.stm32cube.ide.mcu.externaltools.gnu-tools-for-stm32.10.3-2021.10.linux64_1.0.200.202301161003/tools/bin/../lib/gcc/arm-none-eabi/10.3.1/../../../../arm-none-eabi/lib/thumb/v6-m/nofp/crt0.o (exit)
/opt/st/stm32cubeide_1.12.1/plugins/com.st.stm32cube.ide.mcu.externaltools.gnu-tools-for-stm32.10.3-2021.10.linux64_1.0.200.202301161003/tools/bin/../lib/gcc/arm-none-eabi/10.3.1/../../../../arm-none-eabi/lib/thumb/v6-m/nofp/libc_nano.a(lib_a-impure.o)
                              /opt/st/stm32cubeide_1.12.1/plugins/com.st.stm32cube.ide.mcu.externaltools.gnu-tools-for-stm32.10.3-2021.10.linux64_1.0.200.202301161003/tools/bin/../lib/gcc/arm-none-eabi/10.3.1/../../../../arm-none-eabi/lib/thumb/v6-m/nofp/libc_nano.a(lib_a-exit.o) (_global_impure_ptr)
/opt/st/stm32cubeide_1.12.1/plugins/com.st.stm32cube.ide.mcu.externaltools.gnu-tools-for-stm32.10.3-2021.10.linux64_1.0.200.202301161003/tools/bin/../lib/gcc/arm-none-eabi/10.3.1/../../../../arm-none-eabi/lib/thumb/v6-m/nofp/libc_nano.a(lib_a-init.o)
                              /opt/st/stm32cubeide_1.12.1/plugins/com.st.stm32cube.ide.mcu.externaltools.gnu-tools-for-stm32.10.3-2021.10.linux64_1.0.200.202301161003/tools/bin/../lib/gcc/arm-none-eabi/10.3.1/../../../../arm-none-eabi/lib/thumb/v6-m/nofp/crt0.o (__libc_init_array)
/opt/st/stm32cubeide_1.12.1/plugins/com.st.stm32cube.ide.mcu.externaltools.gnu-tools-for-stm32.10.3-2021.10.linux64_1.0.200.202301161003/tools/bin/../lib/gcc/arm-none-eabi/10.3.1/../../../../arm-none-eabi/lib/thumb/v6-m/nofp/libc_nano.a(lib_a-memset.o)
                              /opt/st/stm32cubeide_1.12.1/plugins/com.st.stm32cube.ide.mcu.externaltools.gnu-tools-for-stm32.10.3-2021.10.linux64_1.0.200.202301161003/tools/bin/../lib/gcc/arm-none-eabi/10.3.1/../../../../arm-none-eabi/lib/thumb/v6-m/nofp/crt0.o (memset)
/opt/st/stm32cubeide_1.12.1/plugins/com.st.stm32cube.ide.mcu.externaltools.gnu-tools-for-stm32.10.3-2021.10.linux64_1.0.200.202301161003/tools/bin/../lib/gcc/arm-none-eabi/10.3.1/thumb/v6-m/nofp/libgcc.a(_udivsi3.o)
                              ./Core/Src/system_stm32c0xx.o (__aeabi_uidiv)
/opt/st/stm32cubeide_1.12.1/plugins/com.st.stm32cube.ide.mcu.externaltools.gnu-tools-for-stm32.10.3-2021.10.linux64_1.0.200.202301161003/tools/bin/../lib/gcc/arm-none-eabi/10.3.1/thumb/v6-m/nofp/libgcc.a(_divsi3.o)
                              ./Drivers/STM32C0xx_HAL_Driver/Src/stm32c0xx_hal_uart_ex.o (__aeabi_idiv)
/opt/st/stm32cubeide_1.12.1/plugins/com.st.stm32cube.ide.mcu.externaltools.gnu-tools-for-stm32.10.3-2021.10.linux64_1.0.200.202301161003/tools/bin/../lib/gcc/arm-none-eabi/10.3.1/thumb/v6-m/nofp/libgcc.a(_dvmd_tls.o)
                              /opt/st/stm32cubeide_1.12.1/plugins/com.st.stm32cube.ide.mcu.externaltools.gnu-tools-for-stm32.10.3-2021.10.linux64_1.0.200.202301161003/tools/bin/../lib/gcc/arm-none-eabi/10.3.1/thumb/v6-m/nofp/libgcc.a(_udivsi3.o) (__aeabi_idiv0)

Discarded input sections

 .text          0x0000000000000000        0x0 /opt/st/stm32cubeide_1.12.1/plugins/com.st.stm32cube.ide.mcu.externaltools.gnu-tools-for-stm32.10.3-2021.10.linux64_1.0.200.202301161003/tools/bin/../lib/gcc/arm-none-eabi/10.3.1/thumb/v6-m/nofp/crti.o
 .data          0x0000000000000000        0x0 /opt/st/stm32cubeide_1.12.1/plugins/com.st.stm32cube.ide.mcu.externaltools.gnu-tools-for-stm32.10.3-2021.10.linux64_1.0.200.202301161003/tools/bin/../lib/gcc/arm-none-eabi/10.3.1/thumb/v6-m/nofp/crti.o
 .bss           0x0000000000000000        0x0 /opt/st/stm32cubeide_1.12.1/plugins/com.st.stm32cube.ide.mcu.externaltools.gnu-tools-for-stm32.10.3-2021.10.linux64_1.0.200.202301161003/tools/bin/../lib/gcc/arm-none-eabi/10.3.1/thumb/v6-m/nofp/crti.o
 .data          0x0000000000000000        0x4 /opt/st/stm32cubeide_1.12.1/plugins/com.st.stm32cube.ide.mcu.externaltools.gnu-tools-for-stm32.10.3-2021.10.linux64_1.0.200.202301161003/tools/bin/../lib/gcc/arm-none-eabi/10.3.1/thumb/v6-m/nofp/crtbegin.o
 .rodata        0x0000000000000000       0x24 /opt/st/stm32cubeide_1.12.1/plugins/com.st.stm32cube.ide.mcu.externaltools.gnu-tools-for-stm32.10.3-2021.10.linux64_1.0.200.202301161003/tools/bin/../lib/gcc/arm-none-eabi/10.3.1/thumb/v6-m/nofp/crtbegin.o
[...]
Memory Configuration

Name             Origin             Length             Attributes
RAM              0x0000000020000000 0x0000000000001800 xrw
FLASH            0x0000000008000000 0x0000000000008000 xr
*default*        0x0000000000000000 0xffffffffffffffff

Linker script and memory map

LOAD /opt/st/stm32cubeide_1.12.1/plugins/com.st.stm32cube.ide.mcu.externaltools.gnu-tools-for-stm32.10.3-2021.10.linux64_1.0.200.202301161003/tools/bin/../lib/gcc/arm-none-eabi/10.3.1/thumb/v6-m/nofp/crti.o
LOAD /opt/st/stm32cubeide_1.12.1/plugins/com.st.stm32cube.ide.mcu.externaltools.gnu-tools-for-stm32.10.3-2021.10.linux64_1.0.200.202301161003/tools/bin/../lib/gcc/arm-none-eabi/10.3.1/thumb/v6-m/nofp/crtbegin.o
LOAD /opt/st/stm32cubeide_1.12.1/plugins/com.st.stm32cube.ide.mcu.externaltools.gnu-tools-for-stm32.10.3-2021.10.linux64_1.0.200.202301161003/tools/bin/../lib/gcc/arm-none-eabi/10.3.1/../../../../arm-none-eabi/lib/thumb/v6-m/nofp/crt0.o
LOAD ./Core/Src/main.o
LOAD ./Core/Src/stm32c0xx_hal_msp.o
LOAD ./Core/Src/stm32c0xx_it.o
LOAD ./Core/Src/syscalls.o
LOAD ./Core/Src/sysmem.o
LOAD ./Core/Src/system_stm32c0xx.o
LOAD ./Core/Startup/startup_stm32c011f6px.o
LOAD ./Drivers/STM32C0xx_HAL_Driver/Src/stm32c0xx_hal.o
LOAD ./Drivers/STM32C0xx_HAL_Driver/Src/stm32c0xx_hal_cortex.o
LOAD ./Drivers/STM32C0xx_HAL_Driver/Src/stm32c0xx_hal_dma.o
LOAD ./Drivers/STM32C0xx_HAL_Driver/Src/stm32c0xx_hal_dma_ex.o
LOAD ./Drivers/STM32C0xx_HAL_Driver/Src/stm32c0xx_hal_exti.o
LOAD ./Drivers/STM32C0xx_HAL_Driver/Src/stm32c0xx_hal_flash.o
LOAD ./Drivers/STM32C0xx_HAL_Driver/Src/stm32c0xx_hal_flash_ex.o
LOAD ./Drivers/STM32C0xx_HAL_Driver/Src/stm32c0xx_hal_gpio.o
LOAD ./Drivers/STM32C0xx_HAL_Driver/Src/stm32c0xx_hal_pwr.o
LOAD ./Drivers/STM32C0xx_HAL_Driver/Src/stm32c0xx_hal_pwr_ex.o
LOAD ./Drivers/STM32C0xx_HAL_Driver/Src/stm32c0xx_hal_rcc.o
LOAD ./Drivers/STM32C0xx_HAL_Driver/Src/stm32c0xx_hal_rcc_ex.o
LOAD ./Drivers/STM32C0xx_HAL_Driver/Src/stm32c0xx_hal_uart.o
LOAD ./Drivers/STM32C0xx_HAL_Driver/Src/stm32c0xx_hal_uart_ex.o
START GROUP
LOAD /opt/st/stm32cubeide_1.12.1/plugins/com.st.stm32cube.ide.mcu.externaltools.gnu-tools-for-stm32.10.3-2021.10.linux64_1.0.200.202301161003/tools/bin/../lib/gcc/arm-none-eabi/10.3.1/../../../../arm-none-eabi/lib/thumb/v6-m/nofp/libc_nano.a
LOAD /opt/st/stm32cubeide_1.12.1/plugins/com.st.stm32cube.ide.mcu.externaltools.gnu-tools-for-stm32.10.3-2021.10.linux64_1.0.200.202301161003/tools/bin/../lib/gcc/arm-none-eabi/10.3.1/../../../../arm-none-eabi/lib/thumb/v6-m/nofp/libm.a
END GROUP
START GROUP
LOAD /opt/st/stm32cubeide_1.12.1/plugins/com.st.stm32cube.ide.mcu.externaltools.gnu-tools-for-stm32.10.3-2021.10.linux64_1.0.200.202301161003/tools/bin/../lib/gcc/arm-none-eabi/10.3.1/thumb/v6-m/nofp/libgcc.a
LOAD /opt/st/stm32cubeide_1.12.1/plugins/com.st.stm32cube.ide.mcu.externaltools.gnu-tools-for-stm32.10.3-2021.10.linux64_1.0.200.202301161003/tools/bin/../lib/gcc/arm-none-eabi/10.3.1/../../../../arm-none-eabi/lib/thumb/v6-m/nofp/libc_nano.a
END GROUP
START GROUP
LOAD /opt/st/stm32cubeide_1.12.1/plugins/com.st.stm32cube.ide.mcu.externaltools.gnu-tools-for-stm32.10.3-2021.10.linux64_1.0.200.202301161003/tools/bin/../lib/gcc/arm-none-eabi/10.3.1/thumb/v6-m/nofp/libgcc.a
LOAD /opt/st/stm32cubeide_1.12.1/plugins/com.st.stm32cube.ide.mcu.externaltools.gnu-tools-for-stm32.10.3-2021.10.linux64_1.0.200.202301161003/tools/bin/../lib/gcc/arm-none-eabi/10.3.1/../../../../arm-none-eabi/lib/thumb/v6-m/nofp/libc_nano.a
LOAD /opt/st/stm32cubeide_1.12.1/plugins/com.st.stm32cube.ide.mcu.externaltools.gnu-tools-for-stm32.10.3-2021.10.linux64_1.0.200.202301161003/tools/bin/../lib/gcc/arm-none-eabi/10.3.1/../../../../arm-none-eabi/lib/thumb/v6-m/nofp/libnosys.a
END GROUP
START GROUP
LOAD /opt/st/stm32cubeide_1.12.1/plugins/com.st.stm32cube.ide.mcu.externaltools.gnu-tools-for-stm32.10.3-2021.10.linux64_1.0.200.202301161003/tools/bin/../lib/gcc/arm-none-eabi/10.3.1/thumb/v6-m/nofp/libgcc.a
LOAD /opt/st/stm32cubeide_1.12.1/plugins/com.st.stm32cube.ide.mcu.externaltools.gnu-tools-for-stm32.10.3-2021.10.linux64_1.0.200.202301161003/tools/bin/../lib/gcc/arm-none-eabi/10.3.1/../../../../arm-none-eabi/lib/thumb/v6-m/nofp/libc_nano.a
LOAD /opt/st/stm32cubeide_1.12.1/plugins/com.st.stm32cube.ide.mcu.externaltools.gnu-tools-for-stm32.10.3-2021.10.linux64_1.0.200.202301161003/tools/bin/../lib/gcc/arm-none-eabi/10.3.1/../../../../arm-none-eabi/lib/thumb/v6-m/nofp/libnosys.a
END GROUP
LOAD /opt/st/stm32cubeide_1.12.1/plugins/com.st.stm32cube.ide.mcu.externaltools.gnu-tools-for-stm32.10.3-2021.10.linux64_1.0.200.202301161003/tools/bin/../lib/gcc/arm-none-eabi/10.3.1/thumb/v6-m/nofp/crtend.o
LOAD /opt/st/stm32cubeide_1.12.1/plugins/com.st.stm32cube.ide.mcu.externaltools.gnu-tools-for-stm32.10.3-2021.10.linux64_1.0.200.202301161003/tools/bin/../lib/gcc/arm-none-eabi/10.3.1/thumb/v6-m/nofp/crtn.o
                0x0000000020001800                _estack = (ORIGIN (RAM) + LENGTH (RAM))
                0x0000000000000200                _Min_Heap_Size = 0x200
                0x0000000000000400                _Min_Stack_Size = 0x400

.isr_vector     0x0000000008000000       0xc0
                0x0000000008000000                . = ALIGN (0x4)
 *(.isr_vector)
 .isr_vector    0x0000000008000000       0xc0 ./Core/Startup/startup_stm32c011f6px.o
                0x0000000008000000                g_pfnVectors
                0x00000000080000c0                . = ALIGN (0x4)

.text           0x00000000080000c0     0x2170
                0x00000000080000c0                . = ALIGN (0x4)
 *(.text)
 .text          0x00000000080000c0       0x48 /opt/st/stm32cubeide_1.12.1/plugins/com.st.stm32cube.ide.mcu.externaltools.gnu-tools-for-stm32.10.3-2021.10.linux64_1.0.200.202301161003/tools/bin/../lib/gcc/arm-none-eabi/10.3.1/thumb/v6-m/nofp/crtbegin.o
 .text          0x0000000008000108      0x114 /opt/st/stm32cubeide_1.12.1/plugins/com.st.stm32cube.ide.mcu.externaltools.gnu-tools-for-stm32.10.3-2021.10.linux64_1.0.200.202301161003/tools/bin/../lib/gcc/arm-none-eabi/10.3.1/thumb/v6-m/nofp/libgcc.a(_udivsi3.o)
                0x0000000008000108                __udivsi3
                0x0000000008000108                __aeabi_uidiv
                0x0000000008000214                __aeabi_uidivmod
 .text          0x000000000800021c      0x1d4 /opt/st/stm32cubeide_1.12.1/plugins/com.st.stm32cube.ide.mcu.externaltools.gnu-tools-for-stm32.10.3-2021.10.linux64_1.0.200.202301161003/tools/bin/../lib/gcc/arm-none-eabi/10.3.1/thumb/v6-m/nofp/libgcc.a(_divsi3.o)
                0x000000000800021c                __aeabi_idiv
                0x000000000800021c                __divsi3
                0x00000000080003e8                __aeabi_idivmod
 .text          0x00000000080003f0        0x4 /opt/st/stm32cubeide_1.12.1/plugins/com.st.stm32cube.ide.mcu.externaltools.gnu-tools-for-stm32.10.3-2021.10.linux64_1.0.200.202301161003/tools/bin/../lib/gcc/arm-none-eabi/10.3.1/thumb/v6-m/nofp/libgcc.a(_dvmd_tls.o)
                0x00000000080003f0                __aeabi_ldiv0
                0x00000000080003f0                __aeabi_idiv0
 *(.text*)
 .text.main     0x00000000080003f4       0x90 ./Core/Src/main.o
                0x00000000080003f4                main
 .text.SystemClock_Config
                0x0000000008000484       0x86 ./Core/Src/main.o
                0x0000000008000484                SystemClock_Config
 *fill*         0x000000000800050a        0x2 
 .text.MX_USART1_UART_Init
                0x000000000800050c       0x9c ./Core/Src/main.o
 .text.MX_GPIO_Init
                0x00000000080005a8       0xac ./Core/Src/main.o
 .text.Error_Handler
                0x0000000008000654        0xa ./Core/Src/main.o
                0x0000000008000654                Error_Handler
 *fill*         0x000000000800065e        0x2 
 .text.HAL_MspInit
                0x0000000008000660       0x54 ./Core/Src/stm32c0xx_hal_msp.o
                0x0000000008000660                HAL_MspInit
 .text.HAL_UART_MspInit
                0x00000000080006b4       0xc4 ./Core/Src/stm32c0xx_hal_msp.o
                0x00000000080006b4                HAL_UART_MspInit
 .text.NMI_Handler
                0x0000000008000778        0x6 ./Core/Src/stm32c0xx_it.o
                0x0000000008000778                NMI_Handler
 .text.HardFault_Handler
                0x000000000800077e        0x6 ./Core/Src/stm32c0xx_it.o
                0x000000000800077e                HardFault_Handler
 .text.SVC_Handler
                0x0000000008000784        0xa ./Core/Src/stm32c0xx_it.o
                0x0000000008000784                SVC_Handler
 .text.PendSV_Handler
                0x000000000800078e        0xa ./Core/Src/stm32c0xx_it.o
                0x000000000800078e                PendSV_Handler
 .text.SysTick_Handler
                0x0000000008000798        0xe ./Core/Src/stm32c0xx_it.o
                0x0000000008000798                SysTick_Handler
 *fill*         0x00000000080007a6        0x2 
 .text.SystemInit
                0x00000000080007a8       0x18 ./Core/Src/system_stm32c0xx.o
                0x00000000080007a8                SystemInit
 .text.Reset_Handler
                0x00000000080007c0       0x50 ./Core/Startup/startup_stm32c011f6px.o
                0x00000000080007c0                Reset_Handler
 .text.Default_Handler
                0x0000000008000810        0x2 ./Core/Startup/startup_stm32c011f6px.o
                0x0000000008000810                TIM1_CC_IRQHandler
                0x0000000008000810                I2C1_IRQHandler
                0x0000000008000810                DMAMUX1_IRQHandler
                0x0000000008000810                SPI1_IRQHandler
                0x0000000008000810                EXTI2_3_IRQHandler
                0x0000000008000810                ADC1_IRQHandler
                0x0000000008000810                TIM17_IRQHandler
                0x0000000008000810                RTC_IRQHandler
                0x0000000008000810                TIM16_IRQHandler
                0x0000000008000810                TIM3_IRQHandler
                0x0000000008000810                EXTI4_15_IRQHandler
                0x0000000008000810                RCC_IRQHandler
                0x0000000008000810                DMA1_Channel1_IRQHandler
                0x0000000008000810                Default_Handler
                0x0000000008000810                TIM14_IRQHandler
                0x0000000008000810                EXTI0_1_IRQHandler
                0x0000000008000810                WWDG_IRQHandler
                0x0000000008000810                DMA1_Channel2_3_IRQHandler
                0x0000000008000810                USART2_IRQHandler
                0x0000000008000810                FLASH_IRQHandler
                0x0000000008000810                USART1_IRQHandler
                0x0000000008000810                TIM1_BRK_UP_TRG_COM_IRQHandler
 .text.HAL_Init
                0x0000000008000812       0x2e ./Drivers/STM32C0xx_HAL_Driver/Src/stm32c0xx_hal.o
                0x0000000008000812                HAL_Init
 .text.HAL_InitTick
                0x0000000008000840       0x94 ./Drivers/STM32C0xx_HAL_Driver/Src/stm32c0xx_hal.o
                0x0000000008000840                HAL_InitTick
 .text.HAL_IncTick
                0x00000000080008d4       0x20 ./Drivers/STM32C0xx_HAL_Driver/Src/stm32c0xx_hal.o
                0x00000000080008d4                HAL_IncTick
 .text.HAL_GetTick
                0x00000000080008f4       0x14 ./Drivers/STM32C0xx_HAL_Driver/Src/stm32c0xx_hal.o
                0x00000000080008f4                HAL_GetTick
 .text.HAL_Delay
                0x0000000008000908       0x44 ./Drivers/STM32C0xx_HAL_Driver/Src/stm32c0xx_hal.o
                0x0000000008000908                HAL_Delay
 .text.HAL_SYSCFG_EnableRemap
                0x000000000800094c       0x20 ./Drivers/STM32C0xx_HAL_Driver/Src/stm32c0xx_hal.o
                0x000000000800094c                HAL_SYSCFG_EnableRemap
 .text.__NVIC_SetPriority
                0x000000000800096c       0xdc ./Drivers/STM32C0xx_HAL_Driver/Src/stm32c0xx_hal_cortex.o
 .text.SysTick_Config
                0x0000000008000a48       0x48 ./Drivers/STM32C0xx_HAL_Driver/Src/stm32c0xx_hal_cortex.o
 .text.HAL_NVIC_SetPriority
                0x0000000008000a90       0x2a ./Drivers/STM32C0xx_HAL_Driver/Src/stm32c0xx_hal_cortex.o
                0x0000000008000a90                HAL_NVIC_SetPriority
 .text.HAL_SYSTICK_Config
                0x0000000008000aba       0x1a ./Drivers/STM32C0xx_HAL_Driver/Src/stm32c0xx_hal_cortex.o
                0x0000000008000aba                HAL_SYSTICK_Config
 .text.HAL_GPIO_Init
                0x0000000008000ad4      0x2d4 ./Drivers/STM32C0xx_HAL_Driver/Src/stm32c0xx_hal_gpio.o
                0x0000000008000ad4                HAL_GPIO_Init
 .text.HAL_GPIO_ReadPin
                0x0000000008000da8       0x3a ./Drivers/STM32C0xx_HAL_Driver/Src/stm32c0xx_hal_gpio.o
                0x0000000008000da8                HAL_GPIO_ReadPin
 .text.HAL_GPIO_WritePin
                0x0000000008000de2       0x3a ./Drivers/STM32C0xx_HAL_Driver/Src/stm32c0xx_hal_gpio.o
                0x0000000008000de2                HAL_GPIO_WritePin
 .text.HAL_GPIO_TogglePin
                0x0000000008000e1c       0x36 ./Drivers/STM32C0xx_HAL_Driver/Src/stm32c0xx_hal_gpio.o
                0x0000000008000e1c                HAL_GPIO_TogglePin
 *fill*         0x0000000008000e52        0x2 
 .text.HAL_RCC_OscConfig
                0x0000000008000e54      0x3f4 ./Drivers/STM32C0xx_HAL_Driver/Src/stm32c0xx_hal_rcc.o
                0x0000000008000e54                HAL_RCC_OscConfig
 .text.HAL_RCC_ClockConfig
                0x0000000008001248      0x214 ./Drivers/STM32C0xx_HAL_Driver/Src/stm32c0xx_hal_rcc.o
                0x0000000008001248                HAL_RCC_ClockConfig
 .text.HAL_RCC_GetSysClockFreq
                0x000000000800145c       0x84 ./Drivers/STM32C0xx_HAL_Driver/Src/stm32c0xx_hal_rcc.o
                0x000000000800145c                HAL_RCC_GetSysClockFreq
 .text.HAL_RCC_GetHCLKFreq
                0x00000000080014e0       0x14 ./Drivers/STM32C0xx_HAL_Driver/Src/stm32c0xx_hal_rcc.o
                0x00000000080014e0                HAL_RCC_GetHCLKFreq
 .text.HAL_RCC_GetPCLK1Freq
                0x00000000080014f4       0x30 ./Drivers/STM32C0xx_HAL_Driver/Src/stm32c0xx_hal_rcc.o
                0x00000000080014f4                HAL_RCC_GetPCLK1Freq
 .text.HAL_RCCEx_PeriphCLKConfig
                0x0000000008001524      0x1dc ./Drivers/STM32C0xx_HAL_Driver/Src/stm32c0xx_hal_rcc_ex.o
                0x0000000008001524                HAL_RCCEx_PeriphCLKConfig
 .text.HAL_UART_Init
                0x0000000008001700       0xac ./Drivers/STM32C0xx_HAL_Driver/Src/stm32c0xx_hal_uart.o
                0x0000000008001700                HAL_UART_Init
 .text.HAL_UART_Transmit
                0x00000000080017ac      0x156 ./Drivers/STM32C0xx_HAL_Driver/Src/stm32c0xx_hal_uart.o
                0x00000000080017ac                HAL_UART_Transmit
 *fill*         0x0000000008001902        0x2 
 .text.UART_SetConfig
                0x0000000008001904      0x2fc ./Drivers/STM32C0xx_HAL_Driver/Src/stm32c0xx_hal_uart.o
                0x0000000008001904                UART_SetConfig
 .text.UART_AdvFeatureConfig
                0x0000000008001c00      0x168 ./Drivers/STM32C0xx_HAL_Driver/Src/stm32c0xx_hal_uart.o
                0x0000000008001c00                UART_AdvFeatureConfig
 .text.UART_CheckIdleState
                0x0000000008001d68       0x94 ./Drivers/STM32C0xx_HAL_Driver/Src/stm32c0xx_hal_uart.o
                0x0000000008001d68                UART_CheckIdleState
 .text.UART_WaitOnFlagUntilTimeout
                0x0000000008001dfc      0x190 ./Drivers/STM32C0xx_HAL_Driver/Src/stm32c0xx_hal_uart.o
                0x0000000008001dfc                UART_WaitOnFlagUntilTimeout
 .text.HAL_UARTEx_DisableFifoMode
                0x0000000008001f8c       0x74 ./Drivers/STM32C0xx_HAL_Driver/Src/stm32c0xx_hal_uart_ex.o
                0x0000000008001f8c                HAL_UARTEx_DisableFifoMode
 .text.HAL_UARTEx_SetTxFifoThreshold
                0x0000000008002000       0x7e ./Drivers/STM32C0xx_HAL_Driver/Src/stm32c0xx_hal_uart_ex.o
                0x0000000008002000                HAL_UARTEx_SetTxFifoThreshold
 *fill*         0x000000000800207e        0x2 
 .text.HAL_UARTEx_SetRxFifoThreshold
                0x0000000008002080       0x84 ./Drivers/STM32C0xx_HAL_Driver/Src/stm32c0xx_hal_uart_ex.o
                0x0000000008002080                HAL_UARTEx_SetRxFifoThreshold
 .text.UARTEx_SetNbDataToProcess
                0x0000000008002104       0xbc ./Drivers/STM32C0xx_HAL_Driver/Src/stm32c0xx_hal_uart_ex.o
 .text.__libc_init_array
                0x00000000080021c0       0x48 /opt/st/stm32cubeide_1.12.1/plugins/com.st.stm32cube.ide.mcu.externaltools.gnu-tools-for-stm32.10.3-2021.10.linux64_1.0.200.202301161003/tools/bin/../lib/gcc/arm-none-eabi/10.3.1/../../../../arm-none-eabi/lib/thumb/v6-m/nofp/libc_nano.a(lib_a-init.o)
                0x00000000080021c0                __libc_init_array
 .text.memset   0x0000000008002208       0x10 /opt/st/stm32cubeide_1.12.1/plugins/com.st.stm32cube.ide.mcu.externaltools.gnu-tools-for-stm32.10.3-2021.10.linux64_1.0.200.202301161003/tools/bin/../lib/gcc/arm-none-eabi/10.3.1/../../../../arm-none-eabi/lib/thumb/v6-m/nofp/libc_nano.a(lib_a-memset.o)
                0x0000000008002208                memset
 *(.glue_7)
 .glue_7        0x0000000008002218        0x0 linker stubs
 *(.glue_7t)
 .glue_7t       0x0000000008002218        0x0 linker stubs
 *(.eh_frame)
 .eh_frame      0x0000000008002218        0x0 /opt/st/stm32cubeide_1.12.1/plugins/com.st.stm32cube.ide.mcu.externaltools.gnu-tools-for-stm32.10.3-2021.10.linux64_1.0.200.202301161003/tools/bin/../lib/gcc/arm-none-eabi/10.3.1/thumb/v6-m/nofp/crtbegin.o
 *(.init)
 .init          0x0000000008002218        0x4 /opt/st/stm32cubeide_1.12.1/plugins/com.st.stm32cube.ide.mcu.externaltools.gnu-tools-for-stm32.10.3-2021.10.linux64_1.0.200.202301161003/tools/bin/../lib/gcc/arm-none-eabi/10.3.1/thumb/v6-m/nofp/crti.o
                0x0000000008002218                _init
 .init          0x000000000800221c        0x8 /opt/st/stm32cubeide_1.12.1/plugins/com.st.stm32cube.ide.mcu.externaltools.gnu-tools-for-stm32.10.3-2021.10.linux64_1.0.200.202301161003/tools/bin/../lib/gcc/arm-none-eabi/10.3.1/thumb/v6-m/nofp/crtn.o
 *(.fini)
 .fini          0x0000000008002224        0x4 /opt/st/stm32cubeide_1.12.1/plugins/com.st.stm32cube.ide.mcu.externaltools.gnu-tools-for-stm32.10.3-2021.10.linux64_1.0.200.202301161003/tools/bin/../lib/gcc/arm-none-eabi/10.3.1/thumb/v6-m/nofp/crti.o
                0x0000000008002224                _fini
 .fini          0x0000000008002228        0x8 /opt/st/stm32cubeide_1.12.1/plugins/com.st.stm32cube.ide.mcu.externaltools.gnu-tools-for-stm32.10.3-2021.10.linux64_1.0.200.202301161003/tools/bin/../lib/gcc/arm-none-eabi/10.3.1/thumb/v6-m/nofp/crtn.o
                0x0000000008002230                . = ALIGN (0x4)
                0x0000000008002230                _etext = .

.vfp11_veneer   0x0000000008002230        0x0
 .vfp11_veneer  0x0000000008002230        0x0 linker stubs

.v4_bx          0x0000000008002230        0x0
 .v4_bx         0x0000000008002230        0x0 linker stubs

.iplt           0x0000000008002230        0x0
 .iplt          0x0000000008002230        0x0 /opt/st/stm32cubeide_1.12.1/plugins/com.st.stm32cube.ide.mcu.externaltools.gnu-tools-for-stm32.10.3-2021.10.linux64_1.0.200.202301161003/tools/bin/../lib/gcc/arm-none-eabi/10.3.1/thumb/v6-m/nofp/crtbegin.o

.rodata         0x0000000008002230       0xa0
                0x0000000008002230                . = ALIGN (0x4)
 *(.rodata)
 .rodata        0x0000000008002230       0x17 ./Core/Src/main.o
 *(.rodata*)
 *fill*         0x0000000008002247        0x1 
 .rodata.AHBPrescTable
                0x0000000008002248       0x40 ./Core/Src/system_stm32c0xx.o
                0x0000000008002248                AHBPrescTable
 .rodata.APBPrescTable
                0x0000000008002288       0x20 ./Core/Src/system_stm32c0xx.o
                0x0000000008002288                APBPrescTable
 .rodata.UARTPrescTable
                0x00000000080022a8       0x18 ./Drivers/STM32C0xx_HAL_Driver/Src/stm32c0xx_hal_uart.o
                0x00000000080022a8                UARTPrescTable
 .rodata.numerator.1
                0x00000000080022c0        0x8 ./Drivers/STM32C0xx_HAL_Driver/Src/stm32c0xx_hal_uart_ex.o
 .rodata.denominator.0
                0x00000000080022c8        0x8 ./Drivers/STM32C0xx_HAL_Driver/Src/stm32c0xx_hal_uart_ex.o
                0x00000000080022d0                . = ALIGN (0x4)

.rel.dyn        0x00000000080022d0        0x0
 .rel.iplt      0x00000000080022d0        0x0 /opt/st/stm32cubeide_1.12.1/plugins/com.st.stm32cube.ide.mcu.externaltools.gnu-tools-for-stm32.10.3-2021.10.linux64_1.0.200.202301161003/tools/bin/../lib/gcc/arm-none-eabi/10.3.1/thumb/v6-m/nofp/crtbegin.o

.ARM.extab      0x00000000080022d0        0x0
                0x00000000080022d0                . = ALIGN (0x4)
 *(.ARM.extab* .gnu.linkonce.armextab.*)
                0x00000000080022d0                . = ALIGN (0x4)

.ARM            0x00000000080022d0        0x0
                0x00000000080022d0                . = ALIGN (0x4)
                0x00000000080022d0                __exidx_start = .
 *(.ARM.exidx*)
                0x00000000080022d0                __exidx_end = .
                0x00000000080022d0                . = ALIGN (0x4)

.preinit_array  0x00000000080022d0        0x0
                0x00000000080022d0                . = ALIGN (0x4)
                0x00000000080022d0                PROVIDE (__preinit_array_start = .)
 *(.preinit_array*)
                0x00000000080022d0                PROVIDE (__preinit_array_end = .)
                0x00000000080022d0                . = ALIGN (0x4)

.init_array     0x00000000080022d0        0x4
                0x00000000080022d0                . = ALIGN (0x4)
                0x00000000080022d0                PROVIDE (__init_array_start = .)
 *(SORT_BY_NAME(.init_array.*))
 *(.init_array*)
 .init_array    0x00000000080022d0        0x4 /opt/st/stm32cubeide_1.12.1/plugins/com.st.stm32cube.ide.mcu.externaltools.gnu-tools-for-stm32.10.3-2021.10.linux64_1.0.200.202301161003/tools/bin/../lib/gcc/arm-none-eabi/10.3.1/thumb/v6-m/nofp/crtbegin.o
                0x00000000080022d4                PROVIDE (__init_array_end = .)
                0x00000000080022d4                . = ALIGN (0x4)

.fini_array     0x00000000080022d4        0x4
                0x00000000080022d4                . = ALIGN (0x4)
                [!provide]                        PROVIDE (__fini_array_start = .)
 *(SORT_BY_NAME(.fini_array.*))
 *(.fini_array*)
 .fini_array    0x00000000080022d4        0x4 /opt/st/stm32cubeide_1.12.1/plugins/com.st.stm32cube.ide.mcu.externaltools.gnu-tools-for-stm32.10.3-2021.10.linux64_1.0.200.202301161003/tools/bin/../lib/gcc/arm-none-eabi/10.3.1/thumb/v6-m/nofp/crtbegin.o
                [!provide]                        PROVIDE (__fini_array_end = .)
                0x00000000080022d8                . = ALIGN (0x4)
                0x00000000080022d8                _sidata = LOADADDR (.data)

.data           0x0000000020000000        0xc load address 0x00000000080022d8
                0x0000000020000000                . = ALIGN (0x4)
                0x0000000020000000                _sdata = .
 *(.data)
 *(.data*)
 .data.SystemCoreClock
                0x0000000020000000        0x4 ./Core/Src/system_stm32c0xx.o
                0x0000000020000000                SystemCoreClock
 .data.uwTickPrio
                0x0000000020000004        0x4 ./Drivers/STM32C0xx_HAL_Driver/Src/stm32c0xx_hal.o
                0x0000000020000004                uwTickPrio
 .data.uwTickFreq
                0x0000000020000008        0x4 ./Drivers/STM32C0xx_HAL_Driver/Src/stm32c0xx_hal.o
                0x0000000020000008                uwTickFreq
 *(.RamFunc)
 *(.RamFunc*)
                0x000000002000000c                . = ALIGN (0x4)
                0x000000002000000c                _edata = .

.igot.plt       0x000000002000000c        0x0 load address 0x00000000080022e4
 .igot.plt      0x000000002000000c        0x0 /opt/st/stm32cubeide_1.12.1/plugins/com.st.stm32cube.ide.mcu.externaltools.gnu-tools-for-stm32.10.3-2021.10.linux64_1.0.200.202301161003/tools/bin/../lib/gcc/arm-none-eabi/10.3.1/thumb/v6-m/nofp/crtbegin.o
                0x000000002000000c                . = ALIGN (0x4)

.bss            0x000000002000000c       0xb0 load address 0x00000000080022e4
                0x000000002000000c                _sbss = .
                0x000000002000000c                __bss_start__ = _sbss
 *(.bss)
 .bss           0x000000002000000c       0x1c /opt/st/stm32cubeide_1.12.1/plugins/com.st.stm32cube.ide.mcu.externaltools.gnu-tools-for-stm32.10.3-2021.10.linux64_1.0.200.202301161003/tools/bin/../lib/gcc/arm-none-eabi/10.3.1/thumb/v6-m/nofp/crtbegin.o
 *(.bss*)
 .bss.huart1    0x0000000020000028       0x90 ./Core/Src/main.o
                0x0000000020000028                huart1
 .bss.uwTick    0x00000000200000b8        0x4 ./Drivers/STM32C0xx_HAL_Driver/Src/stm32c0xx_hal.o
                0x00000000200000b8                uwTick
 *(COMMON)
                0x00000000200000bc                . = ALIGN (0x4)
                0x00000000200000bc                _ebss = .
                0x00000000200000bc                __bss_end__ = _ebss

._user_heap_stack
                0x00000000200000bc      0x604 load address 0x00000000080022e4
                0x00000000200000c0                . = ALIGN (0x8)
 *fill*         0x00000000200000bc        0x4 
                [!provide]                        PROVIDE (end = .)
                0x00000000200000c0                PROVIDE (_end = .)
                0x00000000200002c0                . = (. + _Min_Heap_Size)
 *fill*         0x00000000200000c0      0x200 
                0x00000000200006c0                . = (. + _Min_Stack_Size)
 *fill*         0x00000000200002c0      0x400 
                0x00000000200006c0                . = ALIGN (0x8)

/DISCARD/
 libc.a(*)
 libm.a(*)
 libgcc.a(*)

.ARM.attributes
                0x0000000000000000       0x28
 *(.ARM.attributes)
 .ARM.attributes
                0x0000000000000000       0x1e /opt/st/stm32cubeide_1.12.1/plugins/com.st.stm32cube.ide.mcu.externaltools.gnu-tools-for-stm32.10.3-2021.10.linux64_1.0.200.202301161003/tools/bin/../lib/gcc/arm-none-eabi/10.3.1/thumb/v6-m/nofp/crti.o
 .ARM.attributes
                0x000000000000001e       0x2c /opt/st/stm32cubeide_1.12.1/plugins/com.st.stm32cube.ide.mcu.externaltools.gnu-tools-for-stm32.10.3-2021.10.linux64_1.0.200.202301161003/tools/bin/../lib/gcc/arm-none-eabi/10.3.1/thumb/v6-m/nofp/crtbegin.o
 .ARM.attributes
                0x000000000000004a       0x2c ./Core/Src/main.o
 .ARM.attributes
                0x0000000000000076       0x2c ./Core/Src/stm32c0xx_hal_msp.o
 .ARM.attributes
                0x00000000000000a2       0x2c ./Core/Src/stm32c0xx_it.o
 .ARM.attributes
                0x00000000000000ce       0x2c ./Core/Src/system_stm32c0xx.o
 .ARM.attributes
                0x00000000000000fa       0x22 ./Core/Startup/startup_stm32c011f6px.o
 .ARM.attributes
                0x000000000000011c       0x2c ./Drivers/STM32C0xx_HAL_Driver/Src/stm32c0xx_hal.o
 .ARM.attributes
                0x0000000000000148       0x2c ./Drivers/STM32C0xx_HAL_Driver/Src/stm32c0xx_hal_cortex.o
 .ARM.attributes
                0x0000000000000174       0x2c ./Drivers/STM32C0xx_HAL_Driver/Src/stm32c0xx_hal_gpio.o
 .ARM.attributes
                0x00000000000001a0       0x2c ./Drivers/STM32C0xx_HAL_Driver/Src/stm32c0xx_hal_rcc.o
 .ARM.attributes
                0x00000000000001cc       0x2c ./Drivers/STM32C0xx_HAL_Driver/Src/stm32c0xx_hal_rcc_ex.o
 .ARM.attributes
                0x00000000000001f8       0x2c ./Drivers/STM32C0xx_HAL_Driver/Src/stm32c0xx_hal_uart.o
 .ARM.attributes
                0x0000000000000224       0x2c ./Drivers/STM32C0xx_HAL_Driver/Src/stm32c0xx_hal_uart_ex.o
 .ARM.attributes
                0x0000000000000250       0x2c /opt/st/stm32cubeide_1.12.1/plugins/com.st.stm32cube.ide.mcu.externaltools.gnu-tools-for-stm32.10.3-2021.10.linux64_1.0.200.202301161003/tools/bin/../lib/gcc/arm-none-eabi/10.3.1/../../../../arm-none-eabi/lib/thumb/v6-m/nofp/libc_nano.a(lib_a-init.o)
 .ARM.attributes
                0x000000000000027c       0x2c /opt/st/stm32cubeide_1.12.1/plugins/com.st.stm32cube.ide.mcu.externaltools.gnu-tools-for-stm32.10.3-2021.10.linux64_1.0.200.202301161003/tools/bin/../lib/gcc/arm-none-eabi/10.3.1/../../../../arm-none-eabi/lib/thumb/v6-m/nofp/libc_nano.a(lib_a-memset.o)
 .ARM.attributes
                0x00000000000002a8       0x1e /opt/st/stm32cubeide_1.12.1/plugins/com.st.stm32cube.ide.mcu.externaltools.gnu-tools-for-stm32.10.3-2021.10.linux64_1.0.200.202301161003/tools/bin/../lib/gcc/arm-none-eabi/10.3.1/thumb/v6-m/nofp/libgcc.a(_udivsi3.o)
 .ARM.attributes
                0x00000000000002c6       0x1e /opt/st/stm32cubeide_1.12.1/plugins/com.st.stm32cube.ide.mcu.externaltools.gnu-tools-for-stm32.10.3-2021.10.linux64_1.0.200.202301161003/tools/bin/../lib/gcc/arm-none-eabi/10.3.1/thumb/v6-m/nofp/libgcc.a(_divsi3.o)
 .ARM.attributes
                0x00000000000002e4       0x1e /opt/st/stm32cubeide_1.12.1/plugins/com.st.stm32cube.ide.mcu.externaltools.gnu-tools-for-stm32.10.3-2021.10.linux64_1.0.200.202301161003/tools/bin/../lib/gcc/arm-none-eabi/10.3.1/thumb/v6-m/nofp/libgcc.a(_dvmd_tls.o)
 .ARM.attributes
                0x0000000000000302       0x1e /opt/st/stm32cubeide_1.12.1/plugins/com.st.stm32cube.ide.mcu.externaltools.gnu-tools-for-stm32.10.3-2021.10.linux64_1.0.200.202301161003/tools/bin/../lib/gcc/arm-none-eabi/10.3.1/thumb/v6-m/nofp/crtn.o
OUTPUT(00-exemplo-template.elf elf32-littlearm)
LOAD linker stubs
LOAD /opt/st/stm32cubeide_1.12.1/plugins/com.st.stm32cube.ide.mcu.externaltools.gnu-tools-for-stm32.10.3-2021.10.linux64_1.0.200.202301161003/tools/bin/../lib/gcc/arm-none-eabi/10.3.1/../../../../arm-none-eabi/lib/thumb/v6-m/nofp/libc.a
LOAD /opt/st/stm32cubeide_1.12.1/plugins/com.st.stm32cube.ide.mcu.externaltools.gnu-tools-for-stm32.10.3-2021.10.linux64_1.0.200.202301161003/tools/bin/../lib/gcc/arm-none-eabi/10.3.1/../../../../arm-none-eabi/lib/thumb/v6-m/nofp/libm.a
LOAD /opt/st/stm32cubeide_1.12.1/plugins/com.st.stm32cube.ide.mcu.externaltools.gnu-tools-for-stm32.10.3-2021.10.linux64_1.0.200.202301161003/tools/bin/../lib/gcc/arm-none-eabi/10.3.1/thumb/v6-m/nofp/libgcc.a

.debug_info     0x0000000000000000     0x9be2
 .debug_info    0x0000000000000000      0xd6a ./Core/Src/main.o
 .debug_info    0x0000000000000d6a      0xbbe ./Core/Src/stm32c0xx_hal_msp.o
 .debug_info    0x0000000000001928       0xda ./Core/Src/stm32c0xx_it.o
 .debug_info    0x0000000000001a02      0x371 ./Core/Src/system_stm32c0xx.o
 .debug_info    0x0000000000001d73       0x22 ./Core/Startup/startup_stm32c011f6px.o
 .debug_info    0x0000000000001d95      0x839 ./Drivers/STM32C0xx_HAL_Driver/Src/stm32c0xx_hal.o
 .debug_info    0x00000000000025ce      0x8a7 ./Drivers/STM32C0xx_HAL_Driver/Src/stm32c0xx_hal_cortex.o
 .debug_info    0x0000000000002e75      0x598 ./Drivers/STM32C0xx_HAL_Driver/Src/stm32c0xx_hal_gpio.o
 .debug_info    0x000000000000340d      0x910 ./Drivers/STM32C0xx_HAL_Driver/Src/stm32c0xx_hal_rcc.o
 .debug_info    0x0000000000003d1d      0x5b1 ./Drivers/STM32C0xx_HAL_Driver/Src/stm32c0xx_hal_rcc_ex.o
 .debug_info    0x00000000000042ce     0x4958 ./Drivers/STM32C0xx_HAL_Driver/Src/stm32c0xx_hal_uart.o
 .debug_info    0x0000000000008c26      0xfbc ./Drivers/STM32C0xx_HAL_Driver/Src/stm32c0xx_hal_uart_ex.o

.debug_abbrev   0x0000000000000000     0x179e
 .debug_abbrev  0x0000000000000000      0x265 ./Core/Src/main.o
 .debug_abbrev  0x0000000000000265      0x1c5 ./Core/Src/stm32c0xx_hal_msp.o
 .debug_abbrev  0x000000000000042a       0x74 ./Core/Src/stm32c0xx_it.o
 .debug_abbrev  0x000000000000049e      0x116 ./Core/Src/system_stm32c0xx.o
 .debug_abbrev  0x00000000000005b4       0x12 ./Core/Startup/startup_stm32c011f6px.o
 .debug_abbrev  0x00000000000005c6      0x2db ./Drivers/STM32C0xx_HAL_Driver/Src/stm32c0xx_hal.o
 .debug_abbrev  0x00000000000008a1      0x2ac ./Drivers/STM32C0xx_HAL_Driver/Src/stm32c0xx_hal_cortex.o
 .debug_abbrev  0x0000000000000b4d      0x1ca ./Drivers/STM32C0xx_HAL_Driver/Src/stm32c0xx_hal_gpio.o
 .debug_abbrev  0x0000000000000d17      0x29d ./Drivers/STM32C0xx_HAL_Driver/Src/stm32c0xx_hal_rcc.o
 .debug_abbrev  0x0000000000000fb4      0x216 ./Drivers/STM32C0xx_HAL_Driver/Src/stm32c0xx_hal_rcc_ex.o
 .debug_abbrev  0x00000000000011ca      0x2ff ./Drivers/STM32C0xx_HAL_Driver/Src/stm32c0xx_hal_uart.o
 .debug_abbrev  0x00000000000014c9      0x2d5 ./Drivers/STM32C0xx_HAL_Driver/Src/stm32c0xx_hal_uart_ex.o

.debug_aranges  0x0000000000000000      0x710
 .debug_aranges
                0x0000000000000000       0x40 ./Core/Src/main.o
 .debug_aranges
                0x0000000000000040       0x30 ./Core/Src/stm32c0xx_hal_msp.o
 .debug_aranges
                0x0000000000000070       0x40 ./Core/Src/stm32c0xx_it.o
 .debug_aranges
                0x00000000000000b0       0x28 ./Core/Src/system_stm32c0xx.o
 .debug_aranges
                0x00000000000000d8       0x28 ./Core/Startup/startup_stm32c011f6px.o
 .debug_aranges
                0x0000000000000100      0x110 ./Drivers/STM32C0xx_HAL_Driver/Src/stm32c0xx_hal.o
 .debug_aranges
                0x0000000000000210       0xd8 ./Drivers/STM32C0xx_HAL_Driver/Src/stm32c0xx_hal_cortex.o
 .debug_aranges
                0x00000000000002e8       0x60 ./Drivers/STM32C0xx_HAL_Driver/Src/stm32c0xx_hal_gpio.o
 .debug_aranges
                0x0000000000000348       0xa0 ./Drivers/STM32C0xx_HAL_Driver/Src/stm32c0xx_hal_rcc.o
 .debug_aranges
                0x00000000000003e8       0x40 ./Drivers/STM32C0xx_HAL_Driver/Src/stm32c0xx_hal_rcc_ex.o
 .debug_aranges
                0x0000000000000428      0x248 ./Drivers/STM32C0xx_HAL_Driver/Src/stm32c0xx_hal_uart.o
 .debug_aranges
                0x0000000000000670       0xa0 ./Drivers/STM32C0xx_HAL_Driver/Src/stm32c0xx_hal_uart_ex.o

.debug_ranges   0x0000000000000000      0x688
 .debug_ranges  0x0000000000000000       0x30 ./Core/Src/main.o
 .debug_ranges  0x0000000000000030       0x20 ./Core/Src/stm32c0xx_hal_msp.o
 .debug_ranges  0x0000000000000050       0x30 ./Core/Src/stm32c0xx_it.o
 .debug_ranges  0x0000000000000080       0x18 ./Core/Src/system_stm32c0xx.o
 .debug_ranges  0x0000000000000098       0x20 ./Core/Startup/startup_stm32c011f6px.o
 .debug_ranges  0x00000000000000b8      0x100 ./Drivers/STM32C0xx_HAL_Driver/Src/stm32c0xx_hal.o
 .debug_ranges  0x00000000000001b8       0xc8 ./Drivers/STM32C0xx_HAL_Driver/Src/stm32c0xx_hal_cortex.o
 .debug_ranges  0x0000000000000280       0x50 ./Drivers/STM32C0xx_HAL_Driver/Src/stm32c0xx_hal_gpio.o
 .debug_ranges  0x00000000000002d0       0x90 ./Drivers/STM32C0xx_HAL_Driver/Src/stm32c0xx_hal_rcc.o
 .debug_ranges  0x0000000000000360       0x30 ./Drivers/STM32C0xx_HAL_Driver/Src/stm32c0xx_hal_rcc_ex.o
 .debug_ranges  0x0000000000000390      0x268 ./Drivers/STM32C0xx_HAL_Driver/Src/stm32c0xx_hal_uart.o
 .debug_ranges  0x00000000000005f8       0x90 ./Drivers/STM32C0xx_HAL_Driver/Src/stm32c0xx_hal_uart_ex.o

.debug_macro    0x0000000000000000    0x11e61
 .debug_macro   0x0000000000000000      0x1cb ./Core/Src/main.o
 .debug_macro   0x00000000000001cb      0xa4e ./Core/Src/main.o
 .debug_macro   0x0000000000000c19       0x2e ./Core/Src/main.o
 .debug_macro   0x0000000000000c47       0x28 ./Core/Src/main.o
 .debug_macro   0x0000000000000c6f       0x22 ./Core/Src/main.o
 .debug_macro   0x0000000000000c91       0x8e ./Core/Src/main.o
 .debug_macro   0x0000000000000d1f       0x51 ./Core/Src/main.o
 .debug_macro   0x0000000000000d70      0x103 ./Core/Src/main.o
 .debug_macro   0x0000000000000e73       0x6a ./Core/Src/main.o
 .debug_macro   0x0000000000000edd      0x1df ./Core/Src/main.o
 .debug_macro   0x00000000000010bc       0x1c ./Core/Src/main.o
 .debug_macro   0x00000000000010d8       0x22 ./Core/Src/main.o
 .debug_macro   0x00000000000010fa       0xd1 ./Core/Src/main.o
 .debug_macro   0x00000000000011cb      0x4da ./Core/Src/main.o
 .debug_macro   0x00000000000016a5      0x11f ./Core/Src/main.o
 .debug_macro   0x00000000000017c4     0x911a ./Core/Src/main.o
 .debug_macro   0x000000000000a8de       0x6c ./Core/Src/main.o
 .debug_macro   0x000000000000a94a      0x142 ./Core/Src/main.o
 .debug_macro   0x000000000000aa8c       0xe3 ./Core/Src/main.o
 .debug_macro   0x000000000000ab6f     0x340f ./Core/Src/main.o
 .debug_macro   0x000000000000df7e      0x174 ./Core/Src/main.o
 .debug_macro   0x000000000000e0f2       0x5a ./Core/Src/main.o
 .debug_macro   0x000000000000e14c      0x35f ./Core/Src/main.o
 .debug_macro   0x000000000000e4ab      0xaee ./Core/Src/main.o
 .debug_macro   0x000000000000ef99      0x136 ./Core/Src/main.o
 .debug_macro   0x000000000000f0cf      0x158 ./Core/Src/main.o
 .debug_macro   0x000000000000f227      0x166 ./Core/Src/main.o
 .debug_macro   0x000000000000f38d      0x264 ./Core/Src/main.o
 .debug_macro   0x000000000000f5f1      0x17e ./Core/Src/main.o
 .debug_macro   0x000000000000f76f       0x43 ./Core/Src/main.o
 .debug_macro   0x000000000000f7b2      0x1f1 ./Core/Src/main.o
 .debug_macro   0x000000000000f9a3      0x1aa ./Core/Src/main.o
 .debug_macro   0x000000000000fb4d      0x34b ./Core/Src/main.o
 .debug_macro   0x000000000000fe98       0x28 ./Core/Src/main.o
 .debug_macro   0x000000000000fec0       0xba ./Core/Src/main.o
 .debug_macro   0x000000000000ff7a       0xff ./Core/Src/main.o
 .debug_macro   0x0000000000010079       0xc6 ./Core/Src/main.o
 .debug_macro   0x000000000001013f      0x669 ./Core/Src/main.o
 .debug_macro   0x00000000000107a8       0xa6 ./Core/Src/main.o
 .debug_macro   0x000000000001084e      0x3aa ./Core/Src/main.o
 .debug_macro   0x0000000000010bf8       0x28 ./Core/Src/main.o
 .debug_macro   0x0000000000010c20      0x1cb ./Core/Src/stm32c0xx_hal_msp.o
 .debug_macro   0x0000000000010deb      0x1d5 ./Core/Src/stm32c0xx_it.o
 .debug_macro   0x0000000000010fc0      0x1c2 ./Core/Src/system_stm32c0xx.o
 .debug_macro   0x0000000000011182      0x1da ./Drivers/STM32C0xx_HAL_Driver/Src/stm32c0xx_hal.o
 .debug_macro   0x000000000001135c      0x1bc ./Drivers/STM32C0xx_HAL_Driver/Src/stm32c0xx_hal_cortex.o
 .debug_macro   0x0000000000011518      0x1ee ./Drivers/STM32C0xx_HAL_Driver/Src/stm32c0xx_hal_gpio.o
 .debug_macro   0x0000000000011706      0x1ec ./Drivers/STM32C0xx_HAL_Driver/Src/stm32c0xx_hal_rcc.o
 .debug_macro   0x00000000000118f2      0x1ce ./Drivers/STM32C0xx_HAL_Driver/Src/stm32c0xx_hal_rcc_ex.o
 .debug_macro   0x0000000000011ac0      0x1d9 ./Drivers/STM32C0xx_HAL_Driver/Src/stm32c0xx_hal_uart.o
 .debug_macro   0x0000000000011c99      0x1c8 ./Drivers/STM32C0xx_HAL_Driver/Src/stm32c0xx_hal_uart_ex.o

.debug_line     0x0000000000000000     0x945d
 .debug_line    0x0000000000000000      0x7a8 ./Core/Src/main.o
 .debug_line    0x00000000000007a8      0x6fc ./Core/Src/stm32c0xx_hal_msp.o
 .debug_line    0x0000000000000ea4      0x700 ./Core/Src/stm32c0xx_it.o
 .debug_line    0x00000000000015a4      0x6e1 ./Core/Src/system_stm32c0xx.o
 .debug_line    0x0000000000001c85       0x89 ./Core/Startup/startup_stm32c011f6px.o
 .debug_line    0x0000000000001d0e      0xa27 ./Drivers/STM32C0xx_HAL_Driver/Src/stm32c0xx_hal.o
 .debug_line    0x0000000000002735      0xac5 ./Drivers/STM32C0xx_HAL_Driver/Src/stm32c0xx_hal_cortex.o
 .debug_line    0x00000000000031fa      0xac2 ./Drivers/STM32C0xx_HAL_Driver/Src/stm32c0xx_hal_gpio.o
 .debug_line    0x0000000000003cbc      0xcbc ./Drivers/STM32C0xx_HAL_Driver/Src/stm32c0xx_hal_rcc.o
 .debug_line    0x0000000000004978      0x93f ./Drivers/STM32C0xx_HAL_Driver/Src/stm32c0xx_hal_rcc_ex.o
 .debug_line    0x00000000000052b7     0x3423 ./Drivers/STM32C0xx_HAL_Driver/Src/stm32c0xx_hal_uart.o
 .debug_line    0x00000000000086da      0xd83 ./Drivers/STM32C0xx_HAL_Driver/Src/stm32c0xx_hal_uart_ex.o

.debug_str      0x0000000000000000    0x6f845
 .debug_str     0x0000000000000000    0x6da60 ./Core/Src/main.o
                                      0x6e03d (size before relaxing)
 .debug_str     0x000000000006da60      0x145 ./Core/Src/stm32c0xx_hal_msp.o
                                      0x6df37 (size before relaxing)
 .debug_str     0x000000000006dba5       0x82 ./Core/Src/stm32c0xx_it.o
                                      0x6d7ca (size before relaxing)
 .debug_str     0x000000000006dc27       0xb7 ./Core/Src/system_stm32c0xx.o
                                      0x6d83a (size before relaxing)
 .debug_str     0x000000000006dcde       0x36 ./Core/Startup/startup_stm32c011f6px.o
                                         0x91 (size before relaxing)
 .debug_str     0x000000000006dd14      0x54d ./Drivers/STM32C0xx_HAL_Driver/Src/stm32c0xx_hal.o
                                      0x6ddf7 (size before relaxing)
 .debug_str     0x000000000006e261      0x27c ./Drivers/STM32C0xx_HAL_Driver/Src/stm32c0xx_hal_cortex.o
                                      0x6dc1f (size before relaxing)
 .debug_str     0x000000000006e4dd      0x1df ./Drivers/STM32C0xx_HAL_Driver/Src/stm32c0xx_hal_gpio.o
                                      0x6da0a (size before relaxing)
 .debug_str     0x000000000006e6bc      0x457 ./Drivers/STM32C0xx_HAL_Driver/Src/stm32c0xx_hal_rcc.o
                                      0x6de1a (size before relaxing)
 .debug_str     0x000000000006eb13      0x128 ./Drivers/STM32C0xx_HAL_Driver/Src/stm32c0xx_hal_rcc_ex.o
                                      0x6daaa (size before relaxing)
 .debug_str     0x000000000006ec3b      0x9b0 ./Drivers/STM32C0xx_HAL_Driver/Src/stm32c0xx_hal_uart.o
                                      0x6e769 (size before relaxing)
 .debug_str     0x000000000006f5eb      0x25a ./Drivers/STM32C0xx_HAL_Driver/Src/stm32c0xx_hal_uart_ex.o
                                      0x6e078 (size before relaxing)

.comment        0x0000000000000000       0x50
 .comment       0x0000000000000000       0x50 ./Core/Src/main.o
                                         0x51 (size before relaxing)
 .comment       0x0000000000000050       0x51 ./Core/Src/stm32c0xx_hal_msp.o
 .comment       0x0000000000000050       0x51 ./Core/Src/stm32c0xx_it.o
 .comment       0x0000000000000050       0x51 ./Core/Src/system_stm32c0xx.o
 .comment       0x0000000000000050       0x51 ./Drivers/STM32C0xx_HAL_Driver/Src/stm32c0xx_hal.o
 .comment       0x0000000000000050       0x51 ./Drivers/STM32C0xx_HAL_Driver/Src/stm32c0xx_hal_cortex.o
 .comment       0x0000000000000050       0x51 ./Drivers/STM32C0xx_HAL_Driver/Src/stm32c0xx_hal_gpio.o
 .comment       0x0000000000000050       0x51 ./Drivers/STM32C0xx_HAL_Driver/Src/stm32c0xx_hal_rcc.o
 .comment       0x0000000000000050       0x51 ./Drivers/STM32C0xx_HAL_Driver/Src/stm32c0xx_hal_rcc_ex.o
 .comment       0x0000000000000050       0x51 ./Drivers/STM32C0xx_HAL_Driver/Src/stm32c0xx_hal_uart.o
 .comment       0x0000000000000050       0x51 ./Drivers/STM32C0xx_HAL_Driver/Src/stm32c0xx_hal_uart_ex.o

.debug_frame    0x0000000000000000     0x1820
 .debug_frame   0x0000000000000000       0xa8 ./Core/Src/main.o
 .debug_frame   0x00000000000000a8       0x70 ./Core/Src/stm32c0xx_hal_msp.o
 .debug_frame   0x0000000000000118       0x9c ./Core/Src/stm32c0xx_it.o
 .debug_frame   0x00000000000001b4       0x4c ./Core/Src/system_stm32c0xx.o
 .debug_frame   0x0000000000000200      0x398 ./Drivers/STM32C0xx_HAL_Driver/Src/stm32c0xx_hal.o
 .debug_frame   0x0000000000000598      0x2fc ./Drivers/STM32C0xx_HAL_Driver/Src/stm32c0xx_hal_cortex.o
 .debug_frame   0x0000000000000894      0x130 ./Drivers/STM32C0xx_HAL_Driver/Src/stm32c0xx_hal_gpio.o
 .debug_frame   0x00000000000009c4      0x214 ./Drivers/STM32C0xx_HAL_Driver/Src/stm32c0xx_hal_rcc.o
 .debug_frame   0x0000000000000bd8       0xac ./Drivers/STM32C0xx_HAL_Driver/Src/stm32c0xx_hal_rcc_ex.o
 .debug_frame   0x0000000000000c84      0x8d4 ./Drivers/STM32C0xx_HAL_Driver/Src/stm32c0xx_hal_uart.o
 .debug_frame   0x0000000000001558      0x23c ./Drivers/STM32C0xx_HAL_Driver/Src/stm32c0xx_hal_uart_ex.o
 .debug_frame   0x0000000000001794       0x2c /opt/st/stm32cubeide_1.12.1/plugins/com.st.stm32cube.ide.mcu.externaltools.gnu-tools-for-stm32.10.3-2021.10.linux64_1.0.200.202301161003/tools/bin/../lib/gcc/arm-none-eabi/10.3.1/../../../../arm-none-eabi/lib/thumb/v6-m/nofp/libc_nano.a(lib_a-init.o)
 .debug_frame   0x00000000000017c0       0x20 /opt/st/stm32cubeide_1.12.1/plugins/com.st.stm32cube.ide.mcu.externaltools.gnu-tools-for-stm32.10.3-2021.10.linux64_1.0.200.202301161003/tools/bin/../lib/gcc/arm-none-eabi/10.3.1/../../../../arm-none-eabi/lib/thumb/v6-m/nofp/libc_nano.a(lib_a-memset.o)
 .debug_frame   0x00000000000017e0       0x20 /opt/st/stm32cubeide_1.12.1/plugins/com.st.stm32cube.ide.mcu.externaltools.gnu-tools-for-stm32.10.3-2021.10.linux64_1.0.200.202301161003/tools/bin/../lib/gcc/arm-none-eabi/10.3.1/thumb/v6-m/nofp/libgcc.a(_udivsi3.o)
 .debug_frame   0x0000000000001800       0x20 /opt/st/stm32cubeide_1.12.1/plugins/com.st.stm32cube.ide.mcu.externaltools.gnu-tools-for-stm32.10.3-2021.10.linux64_1.0.200.202301161003/tools/bin/../lib/gcc/arm-none-eabi/10.3.1/thumb/v6-m/nofp/libgcc.a(_divsi3.o)
